// Jest Snapshot v1, https://goo.gl/fbAQLP

exports[`UserTable Component renders a snapshot 1`] = `
<div
  className="MuiPaper-root MuiPaper-elevation1 UserTable-container-1 MuiPaper-rounded"
>
  <div
    className="MuiPaper-root MuiPaper-elevation1 UserTable-titlePaper-2 MuiPaper-rounded"
  >
    <h2
      className="MuiTypography-root UserTable-title-3 MuiTypography-h1"
    >
      Users
    </h2>
  </div>
  <div
    className="RootBase-root-64"
  >
    <div
      className="TableContainer-root-65"
    >
      <div>
        <table
          className="MuiTable-root Table-table-66"
          style={
            Object {
              "minWidth": "2160px",
            }
          }
        >
          <colgroup>
            <col />
            <col />
            <col />
            <col />
            <col />
            <col />
            <col />
            <col />
            <col />
            <col />
            <col />
            <col />
            <col />
            <col />
            <col />
            <col />
            <col />
            <col />
          </colgroup>
          <thead
            className="MuiTableHead-root"
          >
            <tr
              className="MuiTableRow-root MuiTableRow-head"
            >
              <th
                aria-sort={null}
                className="MuiTableCell-root TableHeaderCell-cell-78 TableHeaderCell-cellNoWrap-88 MuiTableCell-head"
                colSpan={1}
                scope="col"
                style={null}
              >
                <div
                  className="TableHeaderCell-container-87"
                >
                  <div
                    className="Content-content-100"
                  >
                    <span
                      className="Title-title-103"
                    >
                      ID
                    </span>
                  </div>
                </div>
              </th>
              <th
                aria-sort={null}
                className="MuiTableCell-root TableHeaderCell-cell-78 TableHeaderCell-cellNoWrap-88 MuiTableCell-head"
                colSpan={1}
                scope="col"
                style={null}
              >
                <div
                  className="TableHeaderCell-container-87"
                >
                  <div
                    className="Content-content-100"
                  >
                    <span
                      className="Title-title-103"
                    >
                      Simple User ID
                    </span>
                  </div>
                </div>
              </th>
              <th
                aria-sort={null}
                className="MuiTableCell-root TableHeaderCell-cell-78 TableHeaderCell-cellNoWrap-88 MuiTableCell-head"
                colSpan={1}
                scope="col"
                style={null}
              >
                <div
                  className="TableHeaderCell-container-87"
                >
                  <div
                    className="Content-content-100"
                  >
                    <span
                      className="Title-title-103"
                    >
                      Username
                    </span>
                  </div>
                </div>
              </th>
              <th
                aria-sort={null}
                className="MuiTableCell-root TableHeaderCell-cell-78 TableHeaderCell-cellNoWrap-88 MuiTableCell-head"
                colSpan={1}
                scope="col"
                style={null}
              >
                <div
                  className="TableHeaderCell-container-87"
                >
                  <div
                    className="Content-content-100"
                  >
                    <span
                      className="Title-title-103"
                    >
                      Email
                    </span>
                  </div>
                </div>
              </th>
              <th
                aria-sort={null}
                className="MuiTableCell-root TableHeaderCell-cell-78 TableHeaderCell-cellNoWrap-88 MuiTableCell-head"
                colSpan={1}
                scope="col"
                style={null}
              >
                <div
                  className="TableHeaderCell-container-87"
                >
                  <div
                    className="Content-content-100"
                  >
                    <span
                      className="Title-title-103"
                    >
                      Subscribed
                    </span>
                  </div>
                </div>
              </th>
              <th
                aria-sort={null}
                className="MuiTableCell-root TableHeaderCell-cell-78 TableHeaderCell-cellNoWrap-88 MuiTableCell-head"
                colSpan={1}
                scope="col"
                style={null}
              >
                <div
                  className="TableHeaderCell-container-87"
                >
                  <div
                    className="Content-content-100"
                  >
                    <span
                      className="Title-title-103"
                    >
                      Terms And Conditions
                    </span>
                  </div>
                </div>
              </th>
              <th
                aria-sort={null}
                className="MuiTableCell-root TableHeaderCell-cell-78 TableHeaderCell-cellNoWrap-88 MuiTableCell-head"
                colSpan={1}
                scope="col"
                style={null}
              >
                <div
                  className="TableHeaderCell-container-87"
                >
                  <div
                    className="Content-content-100"
                  >
                    <span
                      className="Title-title-103"
                    >
                      Verified
                    </span>
                  </div>
                </div>
              </th>
              <th
                aria-sort={null}
                className="MuiTableCell-root TableHeaderCell-cell-78 TableHeaderCell-cellNoWrap-88 MuiTableCell-head"
                colSpan={1}
                scope="col"
                style={null}
              >
                <div
                  className="TableHeaderCell-container-87"
                >
                  <div
                    className="Content-content-100"
                  >
                    <span
                      className="Title-title-103"
                    >
                      First Name
                    </span>
                  </div>
                </div>
              </th>
              <th
                aria-sort={null}
                className="MuiTableCell-root TableHeaderCell-cell-78 TableHeaderCell-cellNoWrap-88 MuiTableCell-head"
                colSpan={1}
                scope="col"
                style={null}
              >
                <div
                  className="TableHeaderCell-container-87"
                >
                  <div
                    className="Content-content-100"
                  >
                    <span
                      className="Title-title-103"
                    >
                      Middle Name
                    </span>
                  </div>
                </div>
              </th>
              <th
                aria-sort={null}
                className="MuiTableCell-root TableHeaderCell-cell-78 TableHeaderCell-cellNoWrap-88 MuiTableCell-head"
                colSpan={1}
                scope="col"
                style={null}
              >
                <div
                  className="TableHeaderCell-container-87"
                >
                  <div
                    className="Content-content-100"
                  >
                    <span
                      className="Title-title-103"
                    >
                      Last Name
                    </span>
                  </div>
                </div>
              </th>
              <th
                aria-sort={null}
                className="MuiTableCell-root TableHeaderCell-cell-78 TableHeaderCell-cellNoWrap-88 MuiTableCell-head"
                colSpan={1}
                scope="col"
                style={null}
              >
                <div
                  className="TableHeaderCell-container-87"
                >
                  <div
                    className="Content-content-100"
                  >
                    <span
                      className="Title-title-103"
                    >
                      Phone
                    </span>
                  </div>
                </div>
              </th>
              <th
                aria-sort={null}
                className="MuiTableCell-root TableHeaderCell-cell-78 TableHeaderCell-cellNoWrap-88 MuiTableCell-head"
                colSpan={1}
                scope="col"
                style={null}
              >
                <div
                  className="TableHeaderCell-container-87"
                >
                  <div
                    className="Content-content-100"
                  >
                    <span
                      className="Title-title-103"
                    >
                      Birthday
                    </span>
                  </div>
                </div>
              </th>
              <th
                aria-sort={null}
                className="MuiTableCell-root TableHeaderCell-cell-78 TableHeaderCell-cellNoWrap-88 MuiTableCell-head"
                colSpan={1}
                scope="col"
                style={null}
              >
                <div
                  className="TableHeaderCell-container-87"
                >
                  <div
                    className="Content-content-100"
                  >
                    <span
                      className="Title-title-103"
                    >
                      Online
                    </span>
                  </div>
                </div>
              </th>
              <th
                aria-sort={null}
                className="MuiTableCell-root TableHeaderCell-cell-78 TableHeaderCell-cellNoWrap-88 MuiTableCell-head"
                colSpan={1}
                scope="col"
                style={null}
              >
                <div
                  className="TableHeaderCell-container-87"
                >
                  <div
                    className="Content-content-100"
                  >
                    <span
                      className="Title-title-103"
                    >
                      Last Signin
                    </span>
                  </div>
                </div>
              </th>
              <th
                aria-sort={null}
                className="MuiTableCell-root TableHeaderCell-cell-78 TableHeaderCell-cellNoWrap-88 MuiTableCell-head"
                colSpan={1}
                scope="col"
                style={null}
              >
                <div
                  className="TableHeaderCell-container-87"
                >
                  <div
                    className="Content-content-100"
                  >
                    <span
                      className="Title-title-103"
                    >
                      Last Signout
                    </span>
                  </div>
                </div>
              </th>
              <th
                aria-sort={null}
                className="MuiTableCell-root TableHeaderCell-cell-78 TableHeaderCell-cellNoWrap-88 MuiTableCell-head"
                colSpan={1}
                scope="col"
                style={null}
              >
                <div
                  className="TableHeaderCell-container-87"
                >
                  <div
                    className="Content-content-100"
                  >
                    <span
                      className="Title-title-103"
                    >
                      Created At
                    </span>
                  </div>
                </div>
              </th>
              <th
                aria-sort={null}
                className="MuiTableCell-root TableHeaderCell-cell-78 TableHeaderCell-cellNoWrap-88 MuiTableCell-head"
                colSpan={1}
                scope="col"
                style={null}
              >
                <div
                  className="TableHeaderCell-container-87"
                >
                  <div
                    className="Content-content-100"
                  >
                    <span
                      className="Title-title-103"
                    >
                      Deleted
                    </span>
                  </div>
                </div>
              </th>
              <th
                aria-sort={null}
                className="MuiTableCell-root TableHeaderCell-cell-78 TableHeaderCell-cellNoWrap-88 MuiTableCell-head"
                colSpan={1}
                scope="col"
                style={null}
              >
                <div
                  className="TableHeaderCell-container-87"
                >
                  <div
                    className="Content-content-100"
                  >
                    <span
                      className="Title-title-103"
                    >
                      Deleted At
                    </span>
                  </div>
                </div>
              </th>
            </tr>
          </thead>
          <tbody
            className="MuiTableBody-root"
          >
            <tr
              className="MuiTableRow-root"
            >
              <td
                aria-sort={null}
                className="MuiTableCell-root TableCell-cell-108 TableCell-cellNoWrap-112 MuiTableCell-body"
                colSpan={1}
              >
                1
              </td>
              <td
                aria-sort={null}
                className="MuiTableCell-root TableCell-cell-108 TableCell-cellNoWrap-112 MuiTableCell-body"
                colSpan={1}
              >
                1
              </td>
              <td
                aria-sort={null}
                className="MuiTableCell-root TableCell-cell-108 TableCell-cellNoWrap-112 MuiTableCell-body"
                colSpan={1}
              >
                user
              </td>
              <td
                aria-sort={null}
                className="MuiTableCell-root TableCell-cell-108 TableCell-cellNoWrap-112 MuiTableCell-body"
                colSpan={1}
              >
                user@test.org
              </td>
              <td
                aria-sort={null}
                className="MuiTableCell-root TableCell-cell-108 TableCell-cellNoWrap-112 MuiTableCell-body"
                colSpan={1}
              >
                true
              </td>
              <td
                aria-sort={null}
                className="MuiTableCell-root TableCell-cell-108 TableCell-cellNoWrap-112 MuiTableCell-body"
                colSpan={1}
              >
                true
              </td>
              <td
                aria-sort={null}
                className="MuiTableCell-root TableCell-cell-108 TableCell-cellNoWrap-112 MuiTableCell-body"
                colSpan={1}
              >
                false
              </td>
              <td
                aria-sort={null}
                className="MuiTableCell-root TableCell-cell-108 TableCell-cellNoWrap-112 MuiTableCell-body"
                colSpan={1}
              >
                first
              </td>
              <td
                aria-sort={null}
                className="MuiTableCell-root TableCell-cell-108 TableCell-cellNoWrap-112 MuiTableCell-body"
                colSpan={1}
              >
                
              </td>
              <td
                aria-sort={null}
                className="MuiTableCell-root TableCell-cell-108 TableCell-cellNoWrap-112 MuiTableCell-body"
                colSpan={1}
              >
                last
              </td>
              <td
                aria-sort={null}
                className="MuiTableCell-root TableCell-cell-108 TableCell-cellNoWrap-112 MuiTableCell-body"
                colSpan={1}
              >
                
              </td>
              <td
                aria-sort={null}
                className="MuiTableCell-root TableCell-cell-108 TableCell-cellNoWrap-112 MuiTableCell-body"
                colSpan={1}
              >
                1/1/1990
              </td>
              <td
                aria-sort={null}
                className="MuiTableCell-root TableCell-cell-108 TableCell-cellNoWrap-112 MuiTableCell-body"
                colSpan={1}
              >
                true
              </td>
              <td
                aria-sort={null}
                className="MuiTableCell-root TableCell-cell-108 TableCell-cellNoWrap-112 MuiTableCell-body"
                colSpan={1}
              >
                8/26/2019
              </td>
              <td
                aria-sort={null}
                className="MuiTableCell-root TableCell-cell-108 TableCell-cellNoWrap-112 MuiTableCell-body"
                colSpan={1}
              >
                8/26/2019
              </td>
              <td
                aria-sort={null}
                className="MuiTableCell-root TableCell-cell-108 TableCell-cellNoWrap-112 MuiTableCell-body"
                colSpan={1}
              >
                8/26/2019
              </td>
              <td
                aria-sort={null}
                className="MuiTableCell-root TableCell-cell-108 TableCell-cellNoWrap-112 MuiTableCell-body"
                colSpan={1}
              >
                false
              </td>
              <td
                aria-sort={null}
                className="MuiTableCell-root TableCell-cell-108 TableCell-cellNoWrap-112 MuiTableCell-body"
                colSpan={1}
              >
                undefined
              </td>
            </tr>
            <tr
              className="MuiTableRow-root"
            >
              <td
                aria-sort={null}
                className="MuiTableCell-root TableCell-cell-108 TableCell-cellNoWrap-112 MuiTableCell-body"
                colSpan={1}
              >
                2
              </td>
              <td
                aria-sort={null}
                className="MuiTableCell-root TableCell-cell-108 TableCell-cellNoWrap-112 MuiTableCell-body"
                colSpan={1}
              >
                2
              </td>
              <td
                aria-sort={null}
                className="MuiTableCell-root TableCell-cell-108 TableCell-cellNoWrap-112 MuiTableCell-body"
                colSpan={1}
              >
                user2
              </td>
              <td
                aria-sort={null}
                className="MuiTableCell-root TableCell-cell-108 TableCell-cellNoWrap-112 MuiTableCell-body"
                colSpan={1}
              >
                user2@test.org
              </td>
              <td
                aria-sort={null}
                className="MuiTableCell-root TableCell-cell-108 TableCell-cellNoWrap-112 MuiTableCell-body"
                colSpan={1}
              >
                true
              </td>
              <td
                aria-sort={null}
                className="MuiTableCell-root TableCell-cell-108 TableCell-cellNoWrap-112 MuiTableCell-body"
                colSpan={1}
              >
                true
              </td>
              <td
                aria-sort={null}
                className="MuiTableCell-root TableCell-cell-108 TableCell-cellNoWrap-112 MuiTableCell-body"
                colSpan={1}
              >
                false
              </td>
              <td
                aria-sort={null}
                className="MuiTableCell-root TableCell-cell-108 TableCell-cellNoWrap-112 MuiTableCell-body"
                colSpan={1}
              >
                first
              </td>
              <td
                aria-sort={null}
                className="MuiTableCell-root TableCell-cell-108 TableCell-cellNoWrap-112 MuiTableCell-body"
                colSpan={1}
              >
                
              </td>
              <td
                aria-sort={null}
                className="MuiTableCell-root TableCell-cell-108 TableCell-cellNoWrap-112 MuiTableCell-body"
                colSpan={1}
              >
                last
              </td>
              <td
                aria-sort={null}
                className="MuiTableCell-root TableCell-cell-108 TableCell-cellNoWrap-112 MuiTableCell-body"
                colSpan={1}
              >
                
              </td>
              <td
                aria-sort={null}
                className="MuiTableCell-root TableCell-cell-108 TableCell-cellNoWrap-112 MuiTableCell-body"
                colSpan={1}
              >
                1/1/1990
              </td>
              <td
                aria-sort={null}
                className="MuiTableCell-root TableCell-cell-108 TableCell-cellNoWrap-112 MuiTableCell-body"
                colSpan={1}
              >
                true
              </td>
              <td
                aria-sort={null}
                className="MuiTableCell-root TableCell-cell-108 TableCell-cellNoWrap-112 MuiTableCell-body"
                colSpan={1}
              >
                8/26/2019
              </td>
              <td
                aria-sort={null}
                className="MuiTableCell-root TableCell-cell-108 TableCell-cellNoWrap-112 MuiTableCell-body"
                colSpan={1}
              >
                8/26/2019
              </td>
              <td
                aria-sort={null}
                className="MuiTableCell-root TableCell-cell-108 TableCell-cellNoWrap-112 MuiTableCell-body"
                colSpan={1}
              >
                8/26/2019
              </td>
              <td
                aria-sort={null}
                className="MuiTableCell-root TableCell-cell-108 TableCell-cellNoWrap-112 MuiTableCell-body"
                colSpan={1}
              >
                false
              </td>
              <td
                aria-sort={null}
                className="MuiTableCell-root TableCell-cell-108 TableCell-cellNoWrap-112 MuiTableCell-body"
                colSpan={1}
              >
                undefined
              </td>
            </tr>
          </tbody>
        </table>
      </div>
    </div>
  </div>
</div>
`;
